/bin/sh: 1: /home/ubuntu/facebook/Script/fb_backup.sh: not found

Backup Automation of Facebook
Creating backup directory
Copying project file
Compressing backup
removing temporary backup
Backup Completed Successfully
Backup file
/home/ubuntu/facebook/Backups/project_backup_2026-08-14_06-20-01.tar.gz

Backup Automation of Facebook
Creating backup directory
Copying project file
Compressing backup
removing temporary backup
Backup Completed Successfully
Backup file
/home/ubuntu/facebook/Backups/project_backup_2026-08-14_06-25-01.tar.gz

Backup Automation of Facebook
Creating backup directory
Copying project file
Compressing backup
removing temporary backup
Backup Completed Successfully
Backup file
/home/ubuntu/facebook/Backups/project_backup_2026-08-14_06-30-01.tar.gz

Backup Automation of Facebook
Creating backup directory
Copying project file
Compressing backup
removing temporary backup
Backup Completed Successfully
Backup file
/home/ubuntu/facebook/Backups/project_backup_2026-08-14_06-35-01.tar.gz

Backup Automation of Facebook
Creating backup directory
Copying project file
Compressing backup
removing temporary backup
Backup Completed Successfully
Backup file
/home/ubuntu/facebook/Backups/project_backup_2026-08-14_06-40-01.tar.gz

Backup Automation of Facebook
Creating backup directory
Copying project file
Compressing backup
removing temporary backup
Backup Completed Successfully
Backup file
/home/ubuntu/facebook/Backups/project_backup_2026-08-14_06-45-01.tar.gz

Backup Automation of Facebook
Creating backup directory
Copying project file
Compressing backup
removing temporary backup
Backup Completed Successfully
Backup file
/home/ubuntu/facebook/Backups/project_backup_2026-08-14_06-50-01.tar.gz

Backup Automation of Facebook
Creating backup directory
Copying project file
Compressing backup
removing temporary backup
Backup Completed Successfully
Backup file
/home/ubuntu/facebook/Backups/project_backup_2026-08-14_06-55-01.tar.gz

Backup Automation of Facebook
Creating backup directory
Copying project file
Compressing backup
removing temporary backup
Backup Completed Successfully
Backup file
/home/ubuntu/facebook/Backups/project_backup_2026-08-14_07-00-01.tar.gz

Backup Automation of Facebook
Creating backup directory
Copying project file
Compressing backup
removing temporary backup
Backup Completed Successfully
Backup file
/home/ubuntu/facebook/Backups/project_backup_2026-08-14_07-05-02.tar.gz

Backup Automation of Facebook
Creating backup directory
Copying project file
Compressing backup
removing temporary backup
Backup Completed Successfully
Backup file
/home/ubuntu/facebook/Backups/project_backup_2026-08-14_07-10-01.tar.gz
